# name: test_make_submission[example_tally_webhook.json]
  <class 'tuple'> (
    <class 'Submission'> (
      created_at='2021-12-30T21:04:10.000Z',
      discord_username='sloria',
      does_host='No',
      hashed_user_id='6112bec78ab57fb4e1ccbc951d880034d5fd57a3',
      meeting_absence_reasons="I don't know enough ASL to participate|The meetings are too crowded",
      meeting_absence_reasons_other='',
      meeting_participation='4',
      meeting_suggestion='More cowbell',
      other_feedback='Nah',
      proficiency_improvement='5',
      server_like='Friendly community',
      server_suggestion='Lots more cowbell',
      source='Duck Duck Go',
      staff_can_follow_up='Yes',
      wants_to_host='Yes',
      ways_improved='Vocab, grammar, sign variations',
    ),
    112053628230342848,
  )
---
# name: test_make_submission[example_tally_webhook2.json]
  <class 'tuple'> (
    <class 'Submission'> (
      created_at='2021-12-30T21:19:52.000Z',
      discord_username='',
      does_host='Yes',
      hashed_user_id='',
      meeting_absence_reasons="There aren't many people that join when I want to practice",
      meeting_absence_reasons_other='',
      meeting_participation='3',
      meeting_suggestion='',
      other_feedback='',
      proficiency_improvement='1',
      server_like='',
      server_suggestion='',
      source="Don't remember",
      staff_can_follow_up='',
      wants_to_host='',
      ways_improved='',
    ),
    None,
  )
---
