# name: test_make_submission[example_tally_webhook.json]
  <class 'tuple'> (
    <class 'Submission'> (
      created_at='2021-12-29T22:30:06.000Z',
      discord_username='sloria',
      does_host='No',
      hashed_user_id='e380aa5b87c323215f80a48efbd04027564eee8b',
      practice_session_participation=4,
      practice_suggestion='Earlier sessions',
      proficiency_improvement=3,
      server_suggestion="It'd be great if there were more cowbell",
      source='Duck Duck Go',
      staff_can_follow_up='Yes',
      wants_to_host='Yes',
      ways_improved='ASL grammar',
    ),
    110452626225312248,
  )
---
# name: test_make_submission[example_tally_webhook2.json]
  <class 'tuple'> (
    <class 'Submission'> (
      created_at='2021-12-30T01:44:09.000Z',
      discord_username='',
      does_host='No',
      hashed_user_id='6112bec78ab57fb4e1ccbc951d880034d5fd57a3',
      practice_session_participation=2,
      practice_suggestion='cowbell',
      proficiency_improvement=4,
      server_suggestion='more cowbell',
      source='A friend',
      staff_can_follow_up='',
      wants_to_host='No',
      ways_improved='grammar',
    ),
    112053628230342848,
  )
---
