# name: test_catchphrase
  <class 'dict'> {
    'content': '
      ||softball||
      ||skirt||
      ||green||
      ||bay||
      ||snowman||
      ||Steve Martin||
      ||river rafting||
      ||Spain||
      Categories: easy, medium, hard, animals, food, travel, people, household
    ',
  }
---
# name: test_catchphrase_categories[Hard]
  <class 'dict'> {
    'content': '
      ||audacity||
      ||wreath||
      ||through||
      ||highway||
      ||cardboard||
      ||full moon||
      ||mast||
      ||wool||
      Categories: easy, medium, hard, animals, food, travel, people, household
    ',
  }
---
# name: test_catchphrase_categories[categories]
  <class 'dict'> {
    'content': '
      easy, medium, hard, animals, food, travel, people, household
      Enter `!cp` or `!cp [category]` to generate a list of words/phrases.
    ',
  }
---
# name: test_catchphrase_categories[food]
  <class 'dict'> {
    'content': '
      ||clementine||
      ||sloppy joe||
      ||scone||
      ||chicken pot pie||
      ||blanch||
      ||clams||
      ||Kool-aid||
      ||corn on the cob||
      Categories: easy, medium, hard, animals, food, travel, people, household
    ',
  }
---
